[NX v21.1.2 Daemon Server] - 2025-12-05T07:49:59.449Z - Started listening on: \\.\pipe\nx\C:\Users\admin\AppData\Local\Temp\46f4b02b01effea49c50\d.sock
[NX v21.1.2 Daemon Server] - 2025-12-05T07:49:59.461Z - [WATCHER]: Subscribed to changes within: C:\Users\admin\Desktop\project\vue3-antdv-admin (native)
[NX v21.1.2 Daemon Server] - 2025-12-05T07:49:59.468Z - Established a connection. Number of open connections: 1
[NX v21.1.2 Daemon Server] - 2025-12-05T07:49:59.472Z - Established a connection. Number of open connections: 2
[NX v21.1.2 Daemon Server] - 2025-12-05T07:49:59.478Z - Closed a connection. Number of open connections: 1
[NX v21.1.2 Daemon Server] - 2025-12-05T07:49:59.484Z - [REQUEST]: Client Request for Project Graph Received
[NX v21.1.2 Daemon Server] - 2025-12-05T07:49:59.607Z - Time taken for 'loadSpecifiedNxPlugins' 10.299299999999903ms
[NX v21.1.2 Daemon Server] - 2025-12-05T07:50:00.643Z - Time taken for 'Load Nx Plugin: C:\Users\admin\Desktop\project\vue3-antdv-admin\node_modules\.pnpm\nx@21.1.2\node_modules\nx\src\plugins\project-json\build-nodes\project-json' 1148.1526999999999ms
[NX v21.1.2 Daemon Server] - 2025-12-05T07:50:00.665Z - Time taken for 'Load Nx Plugin: C:\Users\admin\Desktop\project\vue3-antdv-admin\node_modules\.pnpm\nx@21.1.2\node_modules\nx\src\plugins\package-json' 1172.9163ms
[NX v21.1.2 Daemon Server] - 2025-12-05T07:50:00.766Z - [REQUEST]: Updated workspace context based on watched changes, recomputing project graph...
[NX v21.1.2 Daemon Server] - 2025-12-05T07:50:00.766Z - [REQUEST]: 
[NX v21.1.2 Daemon Server] - 2025-12-05T07:50:00.766Z - [REQUEST]: 
[NX v21.1.2 Daemon Server] - 2025-12-05T07:50:00.780Z - Time taken for 'loadDefaultNxPlugins' 1267.1872ms
[NX v21.1.2 Daemon Server] - 2025-12-05T07:50:01.388Z - Time taken for 'build-project-configs' 546.6996999999997ms
[NX v21.1.2 Daemon Server] - 2025-12-05T07:50:01.544Z - [SYNC]: collect registered sync generators
[NX v21.1.2 Daemon Server] - 2025-12-05T07:50:01.548Z - [REQUEST]: Responding to the client. project-graph
[NX v21.1.2 Daemon Server] - 2025-12-05T07:50:01.550Z - Time taken for 'total for creating and serializing project graph' 2063.4204ms
[NX v21.1.2 Daemon Server] - 2025-12-05T07:50:01.555Z - Done responding to the client project-graph
[NX v21.1.2 Daemon Server] - 2025-12-05T07:50:01.556Z - Handled REQUEST_PROJECT_GRAPH. Handling time: 2063. Response time: 9.
[NX v21.1.2 Daemon Server] - 2025-12-05T07:50:01.574Z - [REQUEST]: Responding to the client. handleRunPreTasksExecution
[NX v21.1.2 Daemon Server] - 2025-12-05T07:50:01.574Z - Time taken for 'preTasksExecution' 2.26929999999993ms
[NX v21.1.2 Daemon Server] - 2025-12-05T07:50:01.575Z - Done responding to the client handleRunPreTasksExecution
[NX v21.1.2 Daemon Server] - 2025-12-05T07:50:01.576Z - Handled PRE_TASKS_EXECUTION. Handling time: 3. Response time: 2.
[NX v21.1.2 Daemon Server] - 2025-12-05T07:50:01.955Z - [REQUEST]: Responding to the client. handleHashTasks
[NX v21.1.2 Daemon Server] - 2025-12-05T07:50:01.957Z - Done responding to the client handleHashTasks
[NX v21.1.2 Daemon Server] - 2025-12-05T07:50:01.957Z - Handled HASH_TASKS. Handling time: 45. Response time: 2.
[NX v21.1.2 Daemon Server] - 2025-12-05T07:50:02.040Z - [REQUEST]: Responding to the client. handleGetEstimatedTaskTimings
[NX v21.1.2 Daemon Server] - 2025-12-05T07:50:02.042Z - Done responding to the client handleGetEstimatedTaskTimings
[NX v21.1.2 Daemon Server] - 2025-12-05T07:50:02.043Z - Handled GET_ESTIMATED_TASK_TIMINGS. Handling time: 12. Response time: 3.
[NX v21.1.2 Daemon Server] - 2025-12-05T07:50:14.225Z - [WATCHER]: Processing file changes in outputs
[NX v21.1.2 Daemon Server] - 2025-12-05T07:50:14.416Z - [REQUEST]: Responding to the client. recordOutputsHash
[NX v21.1.2 Daemon Server] - 2025-12-05T07:50:14.418Z - Done responding to the client recordOutputsHash
[NX v21.1.2 Daemon Server] - 2025-12-05T07:50:14.418Z - Handled RECORD_OUTPUTS_HASH. Handling time: 15. Response time: 2.
[NX v21.1.2 Daemon Server] - 2025-12-05T07:50:14.454Z - [REQUEST]: Responding to the client. recordOutputsHash
[NX v21.1.2 Daemon Server] - 2025-12-05T07:50:14.455Z - Done responding to the client recordOutputsHash
[NX v21.1.2 Daemon Server] - 2025-12-05T07:50:14.455Z - Handled RECORD_OUTPUTS_HASH. Handling time: 8. Response time: 1.
[NX v21.1.2 Daemon Server] - 2025-12-05T07:50:19.985Z - [WATCHER]: Processing file changes in outputs
[NX v21.1.2 Daemon Server] - 2025-12-05T07:50:19.988Z - [WATCHER]: packages/vite-plugin-msw/tsup.config.bundled_8yiqbmjclt4.mjs was deleted
[NX v21.1.2 Daemon Server] - 2025-12-05T07:50:20.104Z - [REQUEST]: Updated workspace context based on watched changes, recomputing project graph...
[NX v21.1.2 Daemon Server] - 2025-12-05T07:50:20.104Z - [REQUEST]: 
[NX v21.1.2 Daemon Server] - 2025-12-05T07:50:20.104Z - [REQUEST]: packages/vite-plugin-msw/tsup.config.bundled_8yiqbmjclt4.mjs
[NX v21.1.2 Daemon Server] - 2025-12-05T07:50:20.115Z - Time taken for 'hash changed files from watcher' 1.4474000000009255ms
[NX v21.1.2 Daemon Server] - 2025-12-05T07:50:20.165Z - [WATCHER]: Processing file changes in outputs
[NX v21.1.2 Daemon Server] - 2025-12-05T07:50:20.241Z - Time taken for 'build-project-configs' 88.72990000000209ms
[NX v21.1.2 Daemon Server] - 2025-12-05T07:50:20.436Z - [SYNC]: collect registered sync generators
[NX v21.1.2 Daemon Server] - 2025-12-05T07:50:20.440Z - [SYNC]: project graph hash is the same, not collecting task sync generators
[NX v21.1.2 Daemon Server] - 2025-12-05T07:50:20.441Z - [SYNC]: nx.json hash is the same, not collecting global sync generators
[NX v21.1.2 Daemon Server] - 2025-12-05T07:50:20.441Z - Time taken for 'total execution time for createProjectGraph()' 159.8238999999994ms
[NX v21.1.2 Daemon Server] - 2025-12-05T07:50:21.021Z - [WATCHER]: Processing file changes in outputs
[NX v21.1.2 Daemon Server] - 2025-12-05T07:50:27.736Z - [WATCHER]: Processing file changes in outputs
[NX v21.1.2 Daemon Server] - 2025-12-05T07:50:28.656Z - [WATCHER]: Processing file changes in outputs
[NX v21.1.2 Daemon Server] - 2025-12-05T07:50:28.855Z - [REQUEST]: Responding to the client. recordOutputsHash
[NX v21.1.2 Daemon Server] - 2025-12-05T07:50:28.857Z - Done responding to the client recordOutputsHash
[NX v21.1.2 Daemon Server] - 2025-12-05T07:50:28.857Z - Handled RECORD_OUTPUTS_HASH. Handling time: 13. Response time: 2.
[NX v21.1.2 Daemon Server] - 2025-12-05T07:50:28.914Z - [REQUEST]: Responding to the client. handleRecordTaskRuns
[NX v21.1.2 Daemon Server] - 2025-12-05T07:50:28.915Z - Done responding to the client handleRecordTaskRuns
[NX v21.1.2 Daemon Server] - 2025-12-05T07:50:28.916Z - Handled RECORD_TASK_RUNS. Handling time: 3. Response time: 2.
[NX v21.1.2 Daemon Server] - 2025-12-05T07:50:28.920Z - [REQUEST]: Responding to the client. handleGetFlakyTasks
[NX v21.1.2 Daemon Server] - 2025-12-05T07:50:28.922Z - Done responding to the client handleGetFlakyTasks
[NX v21.1.2 Daemon Server] - 2025-12-05T07:50:28.922Z - Handled GET_FLAKY_TASKS. Handling time: 2. Response time: 2.
[NX v21.1.2 Daemon Server] - 2025-12-05T07:50:28.953Z - [REQUEST]: Responding to the client. handleRunPostTasksExecution
[NX v21.1.2 Daemon Server] - 2025-12-05T07:50:28.955Z - Time taken for 'postTasksExecution' 1.834100000000035ms
[NX v21.1.2 Daemon Server] - 2025-12-05T07:50:28.957Z - Done responding to the client handleRunPostTasksExecution
[NX v21.1.2 Daemon Server] - 2025-12-05T07:50:28.957Z - Handled POST_TASKS_EXECUTION. Handling time: 5. Response time: 4.
[NX v21.1.2 Daemon Server] - 2025-12-05T07:50:28.986Z - Closed a connection. Number of open connections: 0
[NX v21.1.2 Daemon Server] - 2025-12-05T07:50:29.512Z - [WATCHER]: Processing file changes in outputs
[NX v21.1.2 Daemon Server] - 2025-12-05T07:50:29.517Z - [WATCHER]: 0 file(s) created or restored, 17 file(s) modified, 0 file(s) deleted
[NX v21.1.2 Daemon Server] - 2025-12-05T07:50:29.532Z - [WATCHER]: Stopping the watcher for C:\Users\admin\Desktop\project\vue3-antdv-admin (sources)
[NX v21.1.2 Daemon Server] - 2025-12-05T07:50:29.540Z - [WATCHER]: Stopping the watcher for C:\Users\admin\Desktop\project\vue3-antdv-admin (outputs)
[NX v21.1.2 Daemon Server] - 2025-12-05T07:50:29.556Z - Server stopped because: "Stopping the daemon the set of ignored files changed (native)"
